// Jest Snapshot v1, https://goo.gl/fbAQLP

exports[`Dropdown should render (snapshot) 1`] = `
<div
  className="dropdown"
>
  <div
    className="dropdown__button"
    onClick={[Function]}
  >
    <button />
  </div>
</div>
`;
